// Vitest Snapshot v1, https://vitest.dev/guide/snapshot.html

exports[`component RarityInfo.vue > renders rarity value with tooltip 1`] = `"<div data-v-c07c8769="" class="text-grey-900 dark:text-grey-300 bg-blue-300 dark:bg-blue-800 aspect-square h-10 w-10 flex items-center justify-center rounded-full px-2 py-1">42</div>"`;
